// Jest Snapshot v1, https://goo.gl/fbAQLP

exports[`BRAA draws_correctly 1`] = `
<canvas
  data-snapshot-image="data:image/png;base64,iVBORw0KGgoAAAANSUhEUgAAADIAAAAUCAYAAADPym6aAAAABmJLR0QA/wD/AP+gvaeTAAAB4ElEQVRIie2VQctpURSG177nHHSQiRIDGUj5F4oJGVLmfoKJgRFlJnPMlH9gYIyZksyFEUknGRg+d3Bz+nRzuPdTVzdP7cnufdfab3uvtgKQ/4Af//oAr+LpIN1uV9xutyilxOv1SqvVEhGR4XAoPp9PlFISiURks9k46kVEJpOJGIYhvV5PTNMUpZSYpin9fv+h9y48STgcplAosNvtSKfThEIhAPx+P5VKBcuyqNfrJJNJRz1AuVwmHo/jcrmo1WpYlkWpVMLj8Tz03uPpIJqmsV6vAZjNZhiG8auACLvdDoD9fo+maY56gHg8Trlcvql/OBxQSj30fjuIiHC5XAA4nU52U9M0aTQaWJZFsVjkesn39AC6rjMej2/qN5tN+zadvN8OopTidDoBYFmWXXwwGODxeFBKkclk7P17+vF4jK7rN7UXiwXBYJDtduvofUkQwzBYLpcAzOdz3G73b5rRaGS/83v663xcmc/nRKNRptPpH/X66yCxWIx8Ps/xeCSXyxEOh+2m1WqV1WpFNpsllUo56r/OR6PRIBAI2Id+1OslQdrtNpqmISK4XC46nY69bxgGSikSiQTn89lR/3U+dF1HRG6Wk9cJBZ+f/a34BHk3PkHejU+Qd+MT5N34CXAvYcJf4ALbAAAAAElFTkSuQmCC"
  height="20"
  width="50"
/>
`;

exports[`BRAA draws_only_when_showmeasure_true 1`] = `
<canvas
  data-snapshot-image="data:image/png;base64,iVBORw0KGgoAAAANSUhEUgAAADIAAAAUCAYAAADPym6aAAAABmJLR0QA/wD/AP+gvaeTAAAANklEQVRIie3PgQkAMAjEwNr9d36XEAySmyCpJHkH/O2AKY7QOELjCI0jNI7QOELjCI0jNI7QNNSvBCS3oAPJAAAAAElFTkSuQmCC"
  height="20"
  width="50"
/>
`;
