// Jest Snapshot v1, https://goo.gl/fbAQLP

exports[`IFFDataTrail doesnt_draw_hos_sus 1`] = `
<canvas
  data-snapshot-image="data:image/png;base64,iVBORw0KGgoAAAANSUhEUgAAASwAAACWCAYAAABkW7XSAAAABmJLR0QA/wD/AP+gvaeTAAABAElEQVR4nO3XSwqAMAwE0Fa8mCdTT163Kn4QUgLy3mrCbGabUgAAAAAAAAAAAAAAAAAAAAAAAAAAAAAAAAAAAAAAAAAAAAAAAAAAAAAAAAAAAAAAAAAAAAAA4E3NHhCnLce7Lnkd0MOQPSDQfJMzOoAnrV3njA7oYcweEOv8pmV2QLQ/vYTrLk/JHQAAAAAAAAAAAAAAAAAAAAAAAAAAAAAAAAAAAAAAAAAAAAAAAAAAAAAAAAAAAAAAAAAAAAAAAAAAAAAAAAAAAAAAAAAAAAAAAAAAAAAAAAAAAAAAAAAAAAAAAAAAAAAAAAAAAAAAAAAAAAAAAAAAAAAAAADAFxtHvi4xtxq3hQAAAABJRU5ErkJggg=="
/>
`;

exports[`IFFDataTrail draws_correctly 1`] = `
<canvas
  data-snapshot-image="data:image/png;base64,iVBORw0KGgoAAAANSUhEUgAAASwAAACWCAYAAABkW7XSAAAABmJLR0QA/wD/AP+gvaeTAAABAElEQVR4nO3XSwqAMAwE0Fa8mCdTT163Kn4QUgLy3mrCbGabUgAAAAAAAAAAAAAAAAAAAAAAAAAAAAAAAAAAAAAAAAAAAAAAAAAAAAAAAAAAAAAAAAAAAAAA4E3NHhCnLce7Lnkd0MOQPSDQfJMzOoAnrV3njA7oYcweEOv8pmV2QLQ/vYTrLk/JHQAAAAAAAAAAAAAAAAAAAAAAAAAAAAAAAAAAAAAAAAAAAAAAAAAAAAAAAAAAAAAAAAAAAAAAAAAAAAAAAAAAAAAAAAAAAAAAAAAAAAAAAAAAAAAAAAAAAAAAAAAAAAAAAAAAAAAAAAAAAAAAAAAAAAAAAADAFxtHvi4xtxq3hQAAAABJRU5ErkJggg=="
/>
`;
